0 verbose cli /usr/local/bin/node /usr/local/bin/npm
1 info using npm@11.17.0
2 info using node@v26.5.1
3 silly config load:file:/usr/local/lib/node_modules/npm/npmrc
4 silly config load:file:/opt/hermes/.npmrc
5 silly config load:file:/opt/data/.npmrc
6 silly config load:file:/usr/local/etc/npmrc
7 verbose title npm audit
8 verbose argv "audit" "--json" "--workspace" "web"
9 verbose logfile logs-max:10 dir:/opt/data/.npm/_logs/2026-08-14T07_03_02_808Z-
10 verbose logfile /opt/data/.npm/_logs/2026-08-14T07_03_02_808Z-debug-0.log
11 silly logfile done cleaning log files
12 silly packumentCache heap:2248146944 maxSize:562036736 maxEntrySize:281018368
13 silly audit bulk request {
13 silly audit   '@types/node': [ '22.20.1' ],
13 silly audit   ignore: [ '5.3.2' ],
13 silly audit   'undici-types': [ '6.21.0' ],
13 silly audit   '@asamuzakjp/css-color': [ '5.1.11' ],
13 silly audit   '@asamuzakjp/dom-selector': [ '7.1.1' ],
13 silly audit   '@asamuzakjp/generational-cache': [ '1.0.1' ],
13 silly audit   '@asamuzakjp/nwsapi': [ '2.3.9' ],
13 silly audit   nanoid: [ '3.3.17' ],
13 silly audit   '@babel/runtime': [ '7.29.7' ],
13 silly audit   '@bramus/specificity': [ '2.4.2' ],
13 silly audit   '@csstools/color-helpers': [ '6.1.0' ],
13 silly audit   '@csstools/css-calc': [ '3.2.1' ],
13 silly audit   '@csstools/css-color-parser': [ '4.1.9' ],
13 silly audit   '@csstools/css-parser-algorithms': [ '4.0.0' ],
13 silly audit   '@csstools/css-syntax-patches-for-csstree': [ '1.1.6' ],
13 silly audit   '@csstools/css-tokenizer': [ '4.0.0' ],
13 silly audit   minimatch: [ '10.2.6' ],
13 silly audit   'ansi-styles': [ '4.3.0' ],
13 silly audit   '@emnapi/core': [ '2.0.0-alpha.3' ],
13 silly audit   '@emnapi/runtime': [ '2.0.0-alpha.3' ],
13 silly audit   '@emnapi/wasi-threads': [ '2.0.1' ],
13 silly audit   '@esbuild/aix-ppc64': [ '0.28.1' ],
13 silly audit   '@esbuild/android-arm': [ '0.28.1' ],
13 silly audit   '@esbuild/android-arm64': [ '0.28.1' ],
13 silly audit   '@esbuild/android-x64': [ '0.28.1' ],
13 silly audit   '@esbuild/darwin-arm64': [ '0.28.1' ],
13 silly audit   '@esbuild/darwin-x64': [ '0.28.1' ],
13 silly audit   '@esbuild/freebsd-arm64': [ '0.28.1' ],
13 silly audit   '@esbuild/freebsd-x64': [ '0.28.1' ],
13 silly audit   '@esbuild/linux-arm': [ '0.28.1' ],
13 silly audit   '@esbuild/linux-arm64': [ '0.28.1' ],
13 silly audit   '@esbuild/linux-ia32': [ '0.28.1' ],
13 silly audit   '@esbuild/linux-loong64': [ '0.28.1' ],
13 silly audit   '@esbuild/linux-mips64el': [ '0.28.1' ],
13 silly audit   '@esbuild/linux-ppc64': [ '0.28.1' ],
13 silly audit   '@esbuild/linux-riscv64': [ '0.28.1' ],
13 silly audit   '@esbuild/linux-s390x': [ '0.28.1' ],
13 silly audit   '@esbuild/linux-x64': [ '0.28.1' ],
13 silly audit   '@esbuild/netbsd-arm64': [ '0.28.1' ],
13 silly audit   '@esbuild/netbsd-x64': [ '0.28.1' ],
13 silly audit   '@esbuild/openbsd-arm64': [ '0.28.1' ],
13 silly audit   '@esbuild/openbsd-x64': [ '0.28.1' ],
13 silly audit   '@esbuild/openharmony-arm64': [ '0.28.1' ],
13 silly audit   '@esbuild/sunos-x64': [ '0.28.1' ],
13 silly audit   '@esbuild/win32-arm64': [ '0.28.1' ],
13 silly audit   '@esbuild/win32-ia32': [ '0.28.1' ],
13 silly audit   '@esbuild/win32-x64': [ '0.28.1' ],
13 silly audit   '@eslint-community/eslint-utils': [ '4.9.1' ],
13 silly audit   'eslint-visitor-keys': [ '3.4.3', '5.0.1' ],
13 silly audit   '@eslint-community/regexpp': [ '4.12.2' ],
13 silly audit   '@eslint/config-array': [ '0.23.5' ],
13 silly audit   '@eslint/config-helpers': [ '0.7.0' ],
13 silly audit   '@eslint/core': [ '1.2.1' ],
13 silly audit   '@eslint/object-schema': [ '3.0.5' ],
13 silly audit   '@eslint/plugin-kit': [ '0.7.2' ],
13 silly audit   '@exodus/bytes': [ '1.15.1' ],
13 silly audit   '@floating-ui/core': [ '1.8.0' ],
13 silly audit   '@floating-ui/dom': [ '1.8.0' ],
13 silly audit   '@floating-ui/react-dom': [ '2.1.9' ],
13 silly audit   '@floating-ui/utils': [ '0.2.12' ],
13 silly audit   '@humanfs/core': [ '0.19.2' ],
13 silly audit   '@humanfs/node': [ '0.16.8' ],
13 silly audit   '@humanfs/types': [ '0.15.0' ],
13 silly audit   '@humanwhocodes/module-importer': [ '1.0.1' ],
13 silly audit   '@humanwhocodes/retry': [ '0.4.3' ],
13 silly audit   'emoji-regex': [ '8.0.0' ],
13 silly audit   'string-width': [ '4.2.3' ],
13 silly audit   'wrap-ansi': [ '6.2.0' ],
13 silly audit   '@jridgewell/gen-mapping': [ '0.3.13' ],
13 silly audit   '@jridgewell/remapping': [ '2.3.5' ],
13 silly audit   '@jridgewell/resolve-uri': [ '3.1.2' ],
13 silly audit   '@jridgewell/sourcemap-codec': [ '1.5.5' ],
13 silly audit   '@jridgewell/trace-mapping': [ '0.3.31' ],
13 silly audit   '@nanostores/react': [ '1.1.0' ],
13 silly audit   '@noble/hashes': [ '2.2.0' ],
13 silly audit   '@nous-research/ui': [ '0.18.2' ],
13 silly audit   'lru-cache': [ '11.5.2' ],
13 silly audit   '@observablehq/plot': [ '0.6.17' ],
13 silly audit   '@oxc-project/types': [ '0.142.0' ],
13 silly audit   '@radix-ui/number': [ '1.1.3' ],
13 silly audit   '@radix-ui/primitive': [ '1.1.7' ],
13 silly audit   '@radix-ui/react-accessible-icon': [ '1.1.15' ],
13 silly audit   '@radix-ui/react-accordion': [ '1.2.20' ],
13 silly audit   '@radix-ui/react-alert-dialog': [ '1.1.23' ],
13 silly audit   '@radix-ui/react-arrow': [ '1.1.15' ],
13 silly audit   '@radix-ui/react-aspect-ratio': [ '1.1.15' ],
13 silly audit   '@radix-ui/react-avatar': [ '1.2.6' ],
13 silly audit   '@radix-ui/react-checkbox': [ '1.3.11' ],
13 silly audit   '@radix-ui/react-collapsible': [ '1.1.20' ],
13 silly audit   '@radix-ui/react-collection': [ '1.1.15' ],
13 silly audit   '@radix-ui/react-compose-refs': [ '1.1.5' ],
13 silly audit   '@radix-ui/react-context': [ '1.2.2' ],
13 silly audit   '@radix-ui/react-context-menu': [ '2.3.7' ],
13 silly audit   '@radix-ui/react-dialog': [ '1.1.23' ],
13 silly audit   '@radix-ui/react-direction': [ '1.1.4' ],
13 silly audit   '@radix-ui/react-dismissable-layer': [ '1.1.19' ],
13 silly audit   '@radix-ui/react-dropdown-menu': [ '2.1.24' ],
13 silly audit   '@radix-ui/react-focus-guards': [ '1.1.6' ],
13 silly audit   '@radix-ui/react-focus-scope': [ '1.1.16' ],
13 silly audit   '@radix-ui/react-form': [ '0.1.16' ],
13 silly audit   '@radix-ui/react-hover-card': [ '1.1.23' ],
13 silly audit   '@radix-ui/react-id': [ '1.1.4' ],
13 silly audit   '@radix-ui/react-label': [ '2.1.15' ],
13 silly audit   '@radix-ui/react-menu': [ '2.1.24' ],
13 silly audit   '@radix-ui/react-menubar': [ '1.1.24' ],
13 silly audit   '@radix-ui/react-navigation-menu': [ '1.2.22' ],
13 silly audit   '@radix-ui/react-one-time-password-field': [ '0.1.16' ],
13 silly audit   '@radix-ui/react-password-toggle-field': [ '0.1.11' ],
13 silly audit   '@radix-ui/react-popover': [ '1.1.23' ],
13 silly audit   '@radix-ui/react-popper': [ '1.3.7' ],
13 silly audit   '@radix-ui/react-portal': [ '1.1.17' ],
13 silly audit   '@radix-ui/react-presence': [ '1.1.10' ],
13 silly audit   '@radix-ui/react-primitive': [ '2.1.10' ],
13 silly audit   '@radix-ui/react-progress': [ '1.1.16' ],
13 silly audit   '@radix-ui/react-radio-group': [ '1.4.7' ],
13 silly audit   '@radix-ui/react-roving-focus': [ '1.1.19' ],
13 silly audit   '@radix-ui/react-scroll-area': [ '1.2.18' ],
13 silly audit   '@radix-ui/react-select': [ '2.3.7' ],
13 silly audit   '@radix-ui/react-separator': [ '1.1.15' ],
13 silly audit   '@radix-ui/react-slider': [ '1.4.7' ],
13 silly audit   '@radix-ui/react-slot': [ '1.3.3' ],
13 silly audit   '@radix-ui/react-switch': [ '1.3.7' ],
13 silly audit   '@radix-ui/react-tabs': [ '1.1.21' ],
13 silly audit   '@radix-ui/react-toast': [ '1.2.23' ],
13 silly audit   '@radix-ui/react-toggle': [ '1.1.18' ],
13 silly audit   '@radix-ui/react-toggle-group': [ '1.1.19' ],
13 silly audit   '@radix-ui/react-toolbar': [ '1.1.19' ],
13 silly audit   '@radix-ui/react-tooltip': [ '1.2.16' ],
13 silly audit   '@radix-ui/react-use-callback-ref': [ '1.1.4' ],
13 silly audit   '@radix-ui/react-use-controllable-state': [ '1.2.6' ],
13 silly audit   '@radix-ui/react-use-effect-event': [ '0.0.5' ],
13 silly audit   '@radix-ui/react-use-escape-keydown': [ '1.1.5' ],
13 silly audit   '@radix-ui/react-use-is-hydrated': [ '0.1.3' ],
13 silly audit   '@radix-ui/react-use-layout-effect': [ '1.1.4' ],
13 silly audit   '@radix-ui/react-use-previous': [ '1.1.4' ],
13 silly audit   '@radix-ui/react-use-rect': [ '1.1.4' ],
13 silly audit   '@radix-ui/react-use-size': [ '1.1.4' ],
13 silly audit   '@radix-ui/react-visually-hidden': [ '1.2.11' ],
13 silly audit   '@radix-ui/rect': [ '1.1.3' ],
13 silly audit   '@react-three/fiber': [ '9.6.1' ],
13 silly audit   '@rolldown/binding-android-arm64': [ '1.2.1' ],
13 silly audit   '@rolldown/binding-darwin-arm64': [ '1.2.1' ],
13 silly audit   '@rolldown/binding-darwin-x64': [ '1.2.1' ],
13 silly audit   '@rolldown/binding-freebsd-x64': [ '1.2.1' ],
13 silly audit   '@rolldown/binding-linux-arm-gnueabihf': [ '1.2.1' ],
13 silly audit   '@rolldown/binding-linux-arm64-gnu': [ '1.2.1' ],
13 silly audit   '@rolldown/binding-linux-arm64-musl': [ '1.2.1' ],
13 silly audit   '@rolldown/binding-linux-ppc64-gnu': [ '1.2.1' ],
13 silly audit   '@rolldown/binding-linux-s390x-gnu': [ '1.2.1' ],
13 silly audit   '@rolldown/binding-linux-x64-gnu': [ '1.2.1' ],
13 silly audit   '@rolldown/binding-linux-x64-musl': [ '1.2.1' ],
13 silly audit   '@rolldown/binding-openharmony-arm64': [ '1.2.1' ],
13 silly audit   '@rolldown/binding-wasm32-wasi': [ '1.2.1' ],
13 silly audit   '@rolldown/binding-win32-arm64-msvc': [ '1.2.1' ],
13 silly audit   '@rolldown/binding-win32-x64-msvc': [ '1.2.1' ],
13 silly audit   '@rolldown/pluginutils': [ '1.0.1' ],
13 silly audit   '@standard-schema/spec': [ '1.1.0' ],
13 silly audit   '@stitches/react': [ '1.2.8' ],
13 silly audit   '@tailwindcss/node': [ '4.3.3' ],
13 silly audit   '@tailwindcss/oxide': [ '4.3.3' ],
13 silly audit   '@tailwindcss/oxide-android-arm64': [ '4.3.3' ],
13 silly audit   '@tailwindcss/oxide-darwin-arm64': [ '4.3.3' ],
13 silly audit   '@tailwindcss/oxide-darwin-x64': [ '4.3.3' ],
13 silly audit   '@tailwindcss/oxide-freebsd-x64': [ '4.3.3' ],
13 silly audit   '@tailwindcss/oxide-linux-arm-gnueabihf': [ '4.3.3' ],
13 silly audit   '@tailwindcss/oxide-linux-arm64-gnu': [ '4.3.3' ],
13 silly audit   '@tailwindcss/oxide-linux-arm64-musl': [ '4.3.3' ],
13 silly audit   '@tailwindcss/oxide-linux-x64-gnu': [ '4.3.3' ],
13 silly audit   '@tailwindcss/oxide-linux-x64-musl': [ '4.3.3' ],
13 silly audit   '@tailwindcss/oxide-wasm32-wasi': [ '4.3.3' ],
13 silly audit   '@tailwindcss/oxide-win32-arm64-msvc': [ '4.3.3' ],
13 silly audit   '@tailwindcss/oxide-win32-x64-msvc': [ '4.3.3' ],
13 silly audit   '@tailwindcss/vite': [ '4.3.3' ],
13 silly audit   '@types/chai': [ '5.2.3' ],
13 silly audit   '@types/deep-eql': [ '4.0.2' ],
13 silly audit   '@types/esrecurse': [ '4.3.1' ],
13 silly audit   '@types/estree': [ '1.0.9' ],
13 silly audit   '@types/json-schema': [ '7.0.15' ],
13 silly audit   '@types/qrcode': [ '1.5.6' ],
13 silly audit   '@types/react': [ '19.2.17' ],
13 silly audit   '@types/react-dom': [ '19.2.3' ],
13 silly audit   '@types/react-reconciler': [ '0.28.9' ],
13 silly audit   '@types/webxr': [ '0.5.24' ],
13 silly audit   '@use-gesture/core': [ '10.3.1' ],
13 silly audit   '@use-gesture/react': [ '10.3.1' ],
13 silly audit   '@vitejs/plugin-react': [ '6.0.3' ],
13 silly audit   '@vitest/expect': [ '4.1.10' ],
13 silly audit   '@vitest/mocker': [ '4.1.10' ],
13 silly audit   '@vitest/pretty-format': [ '4.1.10' ],
13 silly audit   '@vitest/runner': [ '4.1.10' ],
13 silly audit   '@vitest/snapshot': [ '4.1.10' ],
13 silly audit   '@vitest/spy': [ '4.1.10' ],
13 silly audit   '@vitest/utils': [ '4.1.10' ],
13 silly audit   '@xterm/addon-fit': [ '0.11.0' ],
13 silly audit   '@xterm/addon-unicode11': [ '0.9.0' ],
13 silly audit   '@xterm/addon-web-links': [ '0.12.0' ],
13 silly audit   '@xterm/addon-webgl': [ '0.19.0' ],
13 silly audit   '@xterm/xterm': [ '6.0.0' ],
13 silly audit   acorn: [ '8.17.0' ],
13 silly audit   'acorn-jsx': [ '5.3.2' ],
13 silly audit   ajv: [ '6.15.0' ],
13 silly audit   'ansi-regex': [ '5.0.1' ],
13 silly audit   isexe: [ '2.0.0' ],
13 silly audit   'json-schema-traverse': [ '0.4.1' ],
13 silly audit   which: [ '2.0.2' ],
13 silly audit   'aria-hidden': [ '1.2.6' ],
13 silly audit   'assertion-error': [ '2.0.1' ],
13 silly audit   'assign-symbols': [ '1.0.0' ],
13 silly audit   'attr-accept': [ '2.2.5' ],
13 silly audit   'balanced-match': [ '4.0.4' ],
13 silly audit   'base64-js': [ '1.5.1' ],
13 silly audit   'bidi-js': [ '1.0.3' ],
13 silly audit   'binary-search-bounds': [ '2.0.5' ],
13 silly audit   'brace-expansion': [ '5.0.9' ],
13 silly audit   buffer: [ '6.0.3' ],
13 silly audit   camelcase: [ '5.3.1' ],
13 silly audit   chai: [ '6.2.2' ],
13 silly audit   'class-variance-authority': [ '0.7.1' ],
13 silly audit   cliui: [ '6.0.0' ],
13 silly audit   clsx: [ '2.1.1' ],
13 silly audit   'color-convert': [ '2.0.1' ],
13 silly audit   'color-name': [ '1.1.4' ],
13 silly audit   colord: [ '2.9.3' ],
13 silly audit   commander: [ '7.2.0' ],
13 silly audit   'convert-source-map': [ '2.0.0' ],
13 silly audit   'cookie-es': [ '3.1.1' ],
13 silly audit   'cross-spawn': [ '7.0.6' ],
13 silly audit   'css-tree': [ '3.2.1' ],
13 silly audit   csstype: [ '3.2.3' ],
13 silly audit   d3: [ '7.9.0' ],
13 silly audit   'd3-array': [ '3.2.4' ],
13 silly audit   'd3-axis': [ '3.0.0' ],
13 silly audit   'd3-brush': [ '3.0.0' ],
13 silly audit   'd3-chord': [ '3.0.1' ],
13 silly audit   'd3-color': [ '3.1.0' ],
13 silly audit   'd3-contour': [ '4.0.2' ],
13 silly audit   'd3-delaunay': [ '6.0.4' ],
13 silly audit   'd3-dispatch': [ '3.0.1' ],
13 silly audit   'd3-drag': [ '3.0.0' ],
13 silly audit   'd3-dsv': [ '3.0.1' ],
13 silly audit   'd3-ease': [ '3.0.1' ],
13 silly audit   'd3-fetch': [ '3.0.1' ],
13 silly audit   'd3-force': [ '3.0.0' ],
13 silly audit   'd3-format': [ '3.1.2' ],
13 silly audit   'd3-geo': [ '3.1.1' ],
13 silly audit   'd3-hierarchy': [ '3.1.2' ],
13 silly audit   'd3-interpolate': [ '3.0.1' ],
13 silly audit   'd3-path': [ '3.1.0' ],
13 silly audit   'd3-polygon': [ '3.0.1' ],
13 silly audit   'd3-quadtree': [ '3.0.1' ],
13 silly audit   'd3-random': [ '3.0.1' ],
13 silly audit   'd3-shape': [ '3.2.0' ],
13 silly audit   internmap: [ '2.0.3' ],
13 silly audit   'd3-scale': [ '4.0.2' ],
13 silly audit   'd3-scale-chromatic': [ '3.1.0' ],
13 silly audit   'd3-selection': [ '3.0.0' ],
13 silly audit   'd3-time': [ '3.1.0' ],
13 silly audit   'd3-time-format': [ '4.1.0' ],
13 silly audit   'd3-timer': [ '3.0.1' ],
13 silly audit   'd3-transition': [ '3.0.1' ],
13 silly audit   'd3-zoom': [ '3.0.0' ],
13 silly audit   'data-urls': [ '7.0.0' ],
13 silly audit   dayjs: [ '1.11.21' ],
13 silly audit   debug: [ '4.4.3' ],
13 silly audit   decamelize: [ '1.2.0' ],
13 silly audit   'decimal.js': [ '10.6.0' ],
13 silly audit   'deep-is': [ '0.1.4' ],
13 silly audit   deepmerge: [ '4.3.1' ],
13 silly audit   delaunator: [ '5.1.0' ],
13 silly audit   dequal: [ '2.0.3' ],
13 silly audit   'detect-libc': [ '2.1.2' ],
13 silly audit   'detect-node-es': [ '1.1.0' ],
13 silly audit   dijkstrajs: [ '1.0.3' ],
13 silly audit   'dom-serializer': [ '3.1.1' ],
13 silly audit   entities: [ '8.0.0' ],
13 silly audit   domelementtype: [ '3.0.0' ],
13 silly audit   domhandler: [ '6.0.1' ],
13 silly audit   domutils: [ '4.0.2' ],
13 silly audit   'is-fullwidth-code-point': [ '3.0.0' ],
13 silly audit   'strip-ansi': [ '6.0.1' ],
13 silly audit   yargs: [ '15.4.1' ],
13 silly audit   'yargs-parser': [ '18.1.3' ],
13 silly audit   'enhanced-resolve': [ '5.24.2' ],
13 silly audit   'es-module-lexer': [ '2.3.1' ],
13 silly audit   esbuild: [ '0.28.1' ],
13 silly audit   'escape-string-regexp': [ '4.0.0' ],
13 silly audit   eslint: [ '10.8.0' ],
13 silly audit   'eslint-plugin-react-refresh': [ '0.5.3' ],
13 silly audit   'eslint-scope': [ '9.1.2' ],
13 silly audit   espree: [ '11.2.0' ],
13 silly audit   esquery: [ '1.7.0' ],
13 silly audit   esrecurse: [ '4.3.0' ],
13 silly audit   estraverse: [ '5.3.0' ],
13 silly audit   'estree-walker': [ '3.0.3' ],
13 silly audit   esutils: [ '2.0.3' ],
13 silly audit   'expect-type': [ '1.4.0' ],
13 silly audit   'extend-shallow': [ '2.0.1', '3.0.2' ],
13 silly audit   'is-extendable': [ '0.1.1', '1.0.1' ],
13 silly audit   'fast-deep-equal': [ '3.1.3' ],
13 silly audit   'fast-json-stable-stringify': [ '2.1.0' ],
13 silly audit   'fast-levenshtein': [ '2.0.6' ],
13 silly audit   fdir: [ '6.5.0' ],
13 silly audit   'file-entry-cache': [ '8.0.0' ],
13 silly audit   'file-selector': [ '0.5.0' ],
13 silly audit   'find-up': [ '5.0.0', '4.1.0' ],
13 silly audit   'flat-cache': [ '4.0.1' ],
13 silly audit   flatted: [ '3.4.2' ],
13 silly audit   'for-in': [ '1.0.2' ],
13 silly audit   'framer-motion': [ '12.42.2' ],
13 silly audit   fsevents: [ '2.3.3' ],
13 silly audit   'get-caller-file': [ '2.0.5' ],
13 silly audit   'get-nonce': [ '1.0.1' ],
13 silly audit   'get-value': [ '2.0.6' ],
13 silly audit   'glob-parent': [ '6.0.2' ],
13 silly audit   'graceful-fs': [ '4.2.11' ],
13 silly audit   gsap: [ '3.15.0' ],
13 silly audit   'react-is': [ '16.13.1' ],
13 silly audit   'html-encoding-sniffer': [ '6.0.0' ],
13 silly audit   htmlparser2: [ '12.0.0' ],
13 silly audit   'iconv-lite': [ '0.6.3' ],
13 silly audit   ieee754: [ '1.2.1' ],
13 silly audit   imurmurhash: [ '0.1.4' ],
13 silly audit   'interval-tree-1d': [ '1.0.4' ],
13 silly audit   'is-plain-object': [ '2.0.4', '5.0.0' ],
13 silly audit   'is-extglob': [ '2.1.1' ],
13 silly audit   'is-glob': [ '4.0.3' ],
13 silly audit   'is-potential-custom-element-name': [ '1.0.1' ],
13 silly audit   isobject: [ '3.0.1' ],
13 silly audit   isoformat: [ '0.2.1' ],
13 silly audit   'its-fine': [ '2.0.0' ],
13 silly audit   jiti: [ '2.7.0' ],
13 silly audit   'js-tokens': [ '4.0.0' ],
13 silly audit   jsdom: [ '29.1.1' ],
13 silly audit   parse5: [ '8.0.1' ],
13 silly audit   'json-buffer': [ '3.0.1' ],
13 silly audit   'json-stable-stringify-without-jsonify': [ '1.0.1' ],
13 silly audit   keyv: [ '4.5.4' ],
13 silly audit   launder: [ '1.7.1' ],
13 silly audit   leva: [ '0.10.1' ],
13 silly audit   zustand: [ '3.7.2', '5.0.14' ],
13 silly audit   levn: [ '0.4.1' ],
13 silly audit   lightningcss: [ '1.32.0', '1.33.0' ],
13 silly audit   'lightningcss-android-arm64': [ '1.32.0' ],
13 silly audit   'lightningcss-darwin-arm64': [ '1.32.0' ],
13 silly audit   'lightningcss-darwin-x64': [ '1.32.0' ],
13 silly audit   'lightningcss-freebsd-x64': [ '1.32.0' ],
13 silly audit   'lightningcss-linux-arm-gnueabihf': [ '1.32.0' ],
13 silly audit   'lightningcss-linux-arm64-gnu': [ '1.32.0' ],
13 silly audit   'lightningcss-linux-arm64-musl': [ '1.32.0' ],
13 silly audit   'lightningcss-linux-x64-gnu': [ '1.32.0' ],
13 silly audit   'lightningcss-linux-x64-musl': [ '1.32.0' ],
13 silly audit   'lightningcss-win32-arm64-msvc': [ '1.32.0' ],
13 silly audit   'lightningcss-win32-x64-msvc': [ '1.32.0' ],
13 silly audit   'locate-path': [ '6.0.0', '5.0.0' ],
13 silly audit   'loose-envify': [ '1.4.0' ],
13 silly audit   'lucide-react': [ '0.577.0' ],
13 silly audit   'magic-string': [ '0.30.21' ],
13 silly audit   'mdn-data': [ '2.27.1' ],
13 silly audit   'merge-value': [ '1.0.0' ],
13 silly audit   'mixin-deep': [ '1.3.2' ],
13 silly audit   motion: [ '12.42.2' ],
13 silly audit   'motion-dom': [ '12.42.2' ],
13 silly audit   'motion-utils': [ '12.39.0' ],
13 silly audit   ms: [ '2.1.3' ],
13 silly audit   nanostores: [ '1.4.0' ],
13 silly audit   'natural-compare': [ '1.4.0' ],
13 silly audit   tr46: [ '6.0.0' ],
13 silly audit   'webidl-conversions': [ '8.0.1' ],
13 silly audit   'whatwg-url': [ '16.0.1' ],
13 silly audit   undici: [ '7.29.0' ],
13 silly audit   'object-assign': [ '4.1.1' ],
13 silly audit   obug: [ '2.1.4' ],
13 silly audit   optionator: [ '0.9.4' ],
13 silly audit   'p-limit': [ '3.1.0', '2.3.0' ],
13 silly audit   'p-locate': [ '5.0.0', '4.1.0' ],
13 silly audit   'p-try': [ '2.2.0' ],
13 silly audit   'parse-srcset': [ '1.0.2' ],
13 silly audit   'path-exists': [ '4.0.0' ],
13 silly audit   'path-key': [ '3.1.1' ],
13 silly audit   pathe: [ '2.0.3' ],
13 silly audit   picocolors: [ '1.1.1' ],
13 silly audit   picomatch: [ '4.0.5' ],
13 silly audit   pngjs: [ '5.0.0' ],
13 silly audit   'prelude-ls': [ '1.2.1' ],
13 silly audit   'prop-types': [ '15.8.1' ],
13 silly audit   punycode: [ '2.3.1' ],
13 silly audit   qrcode: [ '1.5.4' ],
13 silly audit   y18n: [ '4.0.3' ],
13 silly audit   'radix-ui': [ '1.6.7' ],
13 silly audit   react: [ '19.2.7' ],
13 silly audit   'react-colorful': [ '5.8.0' ],
13 silly audit   'react-dom': [ '19.2.7' ],
13 silly audit   'react-dropzone': [ '12.1.0' ],
13 silly audit   'react-remove-scroll': [ '2.7.2' ],
13 silly audit   'react-remove-scroll-bar': [ '2.3.8' ],
13 silly audit   'react-router': [ '8.3.0' ],
13 silly audit   'react-style-singleton': [ '2.2.3' ],
13 silly audit   'react-use-measure': [ '2.1.7' ],
13 silly audit   'require-directory': [ '2.1.1' ],
13 silly audit   'require-from-string': [ '2.0.2' ],
13 silly audit   'require-main-filename': [ '2.0.0' ],
13 silly audit   'robust-predicates': [ '3.0.3' ],
13 silly audit   rolldown: [ '1.2.1' ],
13 silly audit   rw: [ '1.3.3' ],
13 silly audit   'safer-buffer': [ '2.1.2' ],
13 silly audit   'sanitize-html': [ '2.17.6' ],
13 silly audit   postcss: [ '8.5.23' ],
13 silly audit   saxes: [ '6.0.0' ],
13 silly audit   scheduler: [ '0.27.0' ],
13 silly audit   'set-blocking': [ '2.0.0' ],
13 silly audit   'set-value': [ '2.0.1' ],
13 silly audit   'shebang-command': [ '2.0.0' ],
13 silly audit   'shebang-regex': [ '3.0.0' ],
13 silly audit   siginfo: [ '2.0.0' ],
13 silly audit   'source-map-js': [ '1.2.1' ],
13 silly audit   'split-string': [ '3.1.0' ],
13 silly audit   stackback: [ '0.0.2' ],
13 silly audit   'std-env': [ '4.2.0' ],
13 silly audit   'suspend-react': [ '0.1.3' ],
13 silly audit   'symbol-tree': [ '3.2.4' ],
13 silly audit   'tailwind-merge': [ '3.6.0' ],
13 silly audit   tailwindcss: [ '4.3.3' ],
13 silly audit   tapable: [ '2.3.3' ],
13 silly audit   three: [ '0.180.0' ],
13 silly audit   tinybench: [ '2.9.0' ],
13 silly audit   tinyexec: [ '1.2.4' ],
13 silly audit   tinyglobby: [ '0.2.17' ],
13 silly audit   tinyrainbow: [ '3.1.0' ],
13 silly audit   tldts: [ '7.4.9' ],
13 silly audit   'tldts-core': [ '7.4.9' ],
13 silly audit   'tough-cookie': [ '6.0.2' ],
13 silly audit   tslib: [ '2.8.1' ],
13 silly audit   tsx: [ '4.23.1' ],
13 silly audit   'tw-animate-css': [ '1.4.0' ],
13 silly audit   'type-check': [ '0.4.0' ],
13 silly audit   typescript: [ '6.0.3' ],
13 silly audit   'unicode-animations': [ '1.0.3' ],
13 silly audit   'uri-js': [ '4.4.1' ],
13 silly audit   'use-callback-ref': [ '1.3.3' ],
13 silly audit   'use-sidecar': [ '1.1.3' ],
13 silly audit   'use-sync-external-store': [ '1.6.0' ],
13 silly audit   v8n: [ '1.5.1' ],
13 silly audit   vite: [ '8.2.0' ],
13 silly audit   vitest: [ '4.1.10' ],
13 silly audit   'w3c-xmlserializer': [ '5.0.0' ],
13 silly audit   'whatwg-mimetype': [ '5.0.0' ],
13 silly audit   'which-module': [ '2.0.1' ],
13 silly audit   'why-is-node-running': [ '2.3.0' ],
13 silly audit   'word-wrap': [ '1.2.5' ],
13 silly audit   'xml-name-validator': [ '5.0.0' ],
13 silly audit   xmlchars: [ '2.2.0' ],
13 silly audit   'yocto-queue': [ '0.1.0' ]
13 silly audit }
14 http fetch POST 200 https://registry.npmjs.org/-/npm/v1/security/advisories/bulk 421ms
15 silly audit report {
15 silly audit report   nanoid: [
15 silly audit report     {
15 silly audit report       id: 1139427,
15 silly audit report       url: 'https://github.com/advisories/GHSA-2v37-7h3g-55p8',
15 silly audit report       title: 'nanoid: custom generators can loop indefinitely when size is zero',
15 silly audit report       severity: 'high',
15 silly audit report       vulnerable_versions: '<3.3.18',
15 silly audit report       cwe: [Array],
15 silly audit report       cvss: [Object]
15 silly audit report     }
15 silly audit report   ]
15 silly audit report }
16 silly packumentCache full:https://registry.npmjs.org/nanoid cache-miss
17 http cache https://registry.npmjs.org/nanoid 5ms (cache hit)
18 silly packumentCache full:https://registry.npmjs.org/nanoid set size:342705 disposed:false
19 silly packumentCache full:https://registry.npmjs.org/postcss cache-miss
20 http cache https://registry.npmjs.org/postcss 3ms (cache hit)
21 silly packumentCache full:https://registry.npmjs.org/postcss set size:760024 disposed:false
22 verbose cwd /opt/hermes
23 verbose os Linux 7.0.0-29-generic
24 verbose node v26.5.1
25 verbose npm  v11.17.0
26 verbose exit 1
27 verbose code 1
